################################################################################
#                                                                              #
#      IAR Universal Linker V5.0.2.5/W32                                       #
#                                                                              #
#           Link time     =  26/Nov/2012  10:49:40                             #
#           Target CPU    =  x51                                               #
#           List file     =  "C:\Documents and Settings\usuario\Mis documentos #
#                            \Server_IAR\868MHz - Unrestricted IAR Workbench ( #
#                            Europe)\List\ez430-chronos-AP-868MHz.map"         #
#           Output file 1 =  "C:\Documents and Settings\usuario\Mis documentos #
#                            \Server_IAR\868MHz - Unrestricted IAR Workbench ( #
#                            Europe)\Exe\ez430-chronos-AP-868MHz.hex"          #
#                            Format: debug                                     #
#                            UBROF version 10.0.3                              #
#                            Using library modules for C-SPY (-rt)             #
#           Command line  =  -D_NR_OF_BANKS=0 -D_CODEBANK_END=0                #
#                            -D_CODEBANK_START=0                               #
#                            "-IC:\Archivos de programa\IAR Systems\Embedded W #
#                            orkbench 6.0_2\8051\CONFIG\"                      #
#                            "C:\Documents and Settings\usuario\Mis documentos #
#                            \Server_IAR\868MHz - Unrestricted IAR Workbench ( #
#                            Europe)\Obj\aes.r51"                              #
#                            "C:\Documents and Settings\usuario\Mis documentos #
#                            \Server_IAR\868MHz - Unrestricted IAR Workbench ( #
#                            Europe)\Obj\authentication_main.r51"              #
#                            "C:\Documents and Settings\usuario\Mis documentos #
#                            \Server_IAR\868MHz - Unrestricted IAR Workbench ( #
#                            Europe)\Obj\bsp.r51"                              #
#                            "C:\Documents and Settings\usuario\Mis documentos #
#                            \Server_IAR\868MHz - Unrestricted IAR Workbench ( #
#                            Europe)\Obj\clock.r51"                            #
#                            "C:\Documents and Settings\usuario\Mis documentos #
#                            \Server_IAR\868MHz - Unrestricted IAR Workbench ( #
#                            Europe)\Obj\flash.r51"                            #
#                            "C:\Documents and Settings\usuario\Mis documentos #
#                            \Server_IAR\868MHz - Unrestricted IAR Workbench ( #
#                            Europe)\Obj\hal_assert.r51"                       #
#                            "C:\Documents and Settings\usuario\Mis documentos #
#                            \Server_IAR\868MHz - Unrestricted IAR Workbench ( #
#                            Europe)\Obj\hal_board.r51"                        #
#                            "C:\Documents and Settings\usuario\Mis documentos #
#                            \Server_IAR\868MHz - Unrestricted IAR Workbench ( #
#                            Europe)\Obj\hal_int.r51"                          #
#                            "C:\Documents and Settings\usuario\Mis documentos #
#                            \Server_IAR\868MHz - Unrestricted IAR Workbench ( #
#                            Europe)\Obj\hal_led.r51"                          #
#                            "C:\Documents and Settings\usuario\Mis documentos #
#                            \Server_IAR\868MHz - Unrestricted IAR Workbench ( #
#                            Europe)\Obj\hal_mcu.r51"                          #
#                            "C:\Documents and Settings\usuario\Mis documentos #
#                            \Server_IAR\868MHz - Unrestricted IAR Workbench ( #
#                            Europe)\Obj\hal_uart_usb.r51"                     #
#                            "C:\Documents and Settings\usuario\Mis documentos #
#                            \Server_IAR\868MHz - Unrestricted IAR Workbench ( #
#                            Europe)\Obj\main.r51"                             #
#                            "C:\Documents and Settings\usuario\Mis documentos #
#                            \Server_IAR\868MHz - Unrestricted IAR Workbench ( #
#                            Europe)\Obj\main_AP_BM.r51"                       #
#                            "C:\Documents and Settings\usuario\Mis documentos #
#                            \Server_IAR\868MHz - Unrestricted IAR Workbench ( #
#                            Europe)\Obj\mrfi.r51"                             #
#                            "C:\Documents and Settings\usuario\Mis documentos #
#                            \Server_IAR\868MHz - Unrestricted IAR Workbench ( #
#                            Europe)\Obj\nwk.r51"                              #
#                            "C:\Documents and Settings\usuario\Mis documentos #
#                            \Server_IAR\868MHz - Unrestricted IAR Workbench ( #
#                            Europe)\Obj\nwk_QMgmt.r51"                        #
#                            "C:\Documents and Settings\usuario\Mis documentos #
#                            \Server_IAR\868MHz - Unrestricted IAR Workbench ( #
#                            Europe)\Obj\nwk_api.r51"                          #
#                            "C:\Documents and Settings\usuario\Mis documentos #
#                            \Server_IAR\868MHz - Unrestricted IAR Workbench ( #
#                            Europe)\Obj\nwk_frame.r51"                        #
#                            "C:\Documents and Settings\usuario\Mis documentos #
#                            \Server_IAR\868MHz - Unrestricted IAR Workbench ( #
#                            Europe)\Obj\nwk_freq.r51"                         #
#                            "C:\Documents and Settings\usuario\Mis documentos #
#                            \Server_IAR\868MHz - Unrestricted IAR Workbench ( #
#                            Europe)\Obj\nwk_globals.r51"                      #
#                            "C:\Documents and Settings\usuario\Mis documentos #
#                            \Server_IAR\868MHz - Unrestricted IAR Workbench ( #
#                            Europe)\Obj\nwk_ioctl.r51"                        #
#                            "C:\Documents and Settings\usuario\Mis documentos #
#                            \Server_IAR\868MHz - Unrestricted IAR Workbench ( #
#                            Europe)\Obj\nwk_join.r51"                         #
#                            "C:\Documents and Settings\usuario\Mis documentos #
#                            \Server_IAR\868MHz - Unrestricted IAR Workbench ( #
#                            Europe)\Obj\nwk_link.r51"                         #
#                            "C:\Documents and Settings\usuario\Mis documentos #
#                            \Server_IAR\868MHz - Unrestricted IAR Workbench ( #
#                            Europe)\Obj\nwk_mgmt.r51"                         #
#                            "C:\Documents and Settings\usuario\Mis documentos #
#                            \Server_IAR\868MHz - Unrestricted IAR Workbench ( #
#                            Europe)\Obj\nwk_ping.r51"                         #
#                            "C:\Documents and Settings\usuario\Mis documentos #
#                            \Server_IAR\868MHz - Unrestricted IAR Workbench ( #
#                            Europe)\Obj\nwk_security.r51"                     #
#                            "C:\Documents and Settings\usuario\Mis documentos #
#                            \Server_IAR\868MHz - Unrestricted IAR Workbench ( #
#                            Europe)\Obj\timer1.r51"                           #
#                            "C:\Documents and Settings\usuario\Mis documentos #
#                            \Server_IAR\868MHz - Unrestricted IAR Workbench ( #
#                            Europe)\Obj\usb_cdc_descriptor.r51"               #
#                            "C:\Documents and Settings\usuario\Mis documentos #
#                            \Server_IAR\868MHz - Unrestricted IAR Workbench ( #
#                            Europe)\Obj\usb_cdc_hooks.r51"                    #
#                            "C:\Documents and Settings\usuario\Mis documentos #
#                            \Server_IAR\868MHz - Unrestricted IAR Workbench ( #
#                            Europe)\Obj\usb_descriptor_parser.r51"            #
#                            "C:\Documents and Settings\usuario\Mis documentos #
#                            \Server_IAR\868MHz - Unrestricted IAR Workbench ( #
#                            Europe)\Obj\usb_firmware_library_config.r51"      #
#                            "C:\Documents and Settings\usuario\Mis documentos #
#                            \Server_IAR\868MHz - Unrestricted IAR Workbench ( #
#                            Europe)\Obj\usb_framework.r51"                    #
#                            "C:\Documents and Settings\usuario\Mis documentos #
#                            \Server_IAR\868MHz - Unrestricted IAR Workbench ( #
#                            Europe)\Obj\usb_interrupt.r51"                    #
#                            "C:\Documents and Settings\usuario\Mis documentos #
#                            \Server_IAR\868MHz - Unrestricted IAR Workbench ( #
#                            Europe)\Obj\usb_standard_requests.r51"            #
#                            "C:\Documents and Settings\usuario\Mis documentos #
#                            \Server_IAR\868MHz - Unrestricted IAR Workbench ( #
#                            Europe)\Obj\usb_suspend.r51"                      #
#                            "C:\Documents and Settings\usuario\Mis documentos #
#                            \Server_IAR\868MHz - Unrestricted IAR Workbench ( #
#                            Europe)\Obj\usb_uart.r51"                         #
#                            "C:\Documents and Settings\usuario\Mis documentos #
#                            \Server_IAR\868MHz - Unrestricted IAR Workbench ( #
#                            Europe)\Obj\util_buffer.r51"                      #
#                            -e_small_write=_formatted_write -o                #
#                            "C:\Documents and Settings\usuario\Mis documentos #
#                            \Server_IAR\868MHz - Unrestricted IAR Workbench ( #
#                            Europe)\Exe\ez430-chronos-AP-868MHz.hex"          #
#                            -B -z -l                                          #
#                            "C:\Documents and Settings\usuario\Mis documentos #
#                            \Server_IAR\868MHz - Unrestricted IAR Workbench ( #
#                            Europe)\List\ez430-chronos-AP-868MHz.map"         #
#                            -xms                                              #
#                            "-IC:\Archivos de programa\IAR Systems\Embedded W #
#                            orkbench 6.0_2\8051\LIB\"                         #
#                            -f                                                #
#                            "C:\Archivos de programa\IAR Systems\Embedded Wor #
#                            kbench 6.0_2\8051\config\devices\Texas Instrument #
#                            s\lnk51ew_cc1111F32.xcl"                          #
#                            (-D_IDATA0_START=0x00 -D_IDATA0_END=0xFF          #
#                            -D_PDATA0_START=0xF000 -D_PDATA0_END=0xF0FF       #
#                            -D_IXDATA0_START=0x00F000                         #
#                            -D_IXDATA0_END=0x00FDA1                           #
#                            -D_XDATA0_START=0x00F000 -D_XDATA0_END=0x00FDA1   #
#                            -D_CODE0_START=0x000000 -D_CODE0_END=0x007FFF     #
#                            -D?REGISTER_BANK=0x0 -D_REGISTER_BANK_START=0x0   #
#                            -D_BREG_START=0x00 -D?VB=0x20 -D?ESP=0x9B         #
#                            -Z(BIT)BREG=_BREG_START -Z(BIT)BIT_N=0-7F         #
#                            -Z(DATA)REGISTERS+8=_REGISTER_BANK_START          #
#                            -Z(DATA)BDATA_Z,BDATA_N,BDATA_I=20-2F             #
#                            -Z(DATA)VREG+_NR_OF_VIRTUAL_REGISTERS=08-7F       #
#                            -Z(DATA)PSP,XSP=08-7F -Z(DATA)DOVERLAY=08-7F      #
#                            -Z(DATA)DATA_I,DATA_Z,DATA_N=08-7F                #
#                            -U(IDATA)0-7F=(DATA)0-7F                          #
#                            -Z(IDATA)IDATA_I,IDATA_Z,IDATA_N=08-_IDATA0_END   #
#                            -Z(IDATA)ISTACK+_IDATA_STACK_SIZE#08-_IDATA0_END  #
#                            -Z(IDATA)IOVERLAY=08-FF -Z(CODE)INTVEC=0          #
#                            -Z(CODE)CSTART=_CODE0_START-_CODE0_END            #
#                            -Z(CODE)BIT_ID,BDATA_ID,DATA_ID,IDATA_ID,IXDATA_I #
#                            D,PDATA_ID,XDATA_ID=_CODE0_START-_CODE0_END       #
#                            -Z(CODE)RCODE,DIFUNCT,CODE_C,CODE_N,NEAR_CODE=_CO #
#                            DE0_START-_CODE0_END                              #
#                            -Z(CODE)CHECKSUM#_CODE0_END                       #
#                            -Z(XDATA)PDATA_Z,PDATA_I=_PDATA0_START-_PDATA0_EN #
#                            D                                                 #
#                            -P(XDATA)PDATA_N=_PDATA0_START-_PDATA0_END        #
#                            -Z(XDATA)PSTACK+_PDATA_STACK_SIZE=_PDATA0_START-_ #
#                            PDATA0_END                                        #
#                            -Z(XDATA)EXT_STACK+_EXTENDED_STACK_SIZE=_EXTENDED #
#                            _STACK_START                                      #
#                            -Z(XDATA)XSTACK+_XDATA_STACK_SIZE=_XDATA0_START-_ #
#                            XDATA0_END                                        #
#                            -Z(XDATA)IXDATA_Z,IXDATA_I=_IXDATA0_START-_IXDATA #
#                            0_END                                             #
#                            -P(XDATA)IXDATA_N=_IXDATA0_START-_IXDATA0_END     #
#                            -Z(XDATA)XDATA_Z,XDATA_I=_XDATA0_START-_XDATA0_EN #
#                            D                                                 #
#                            -P(XDATA)XDATA_N=_XDATA0_START-_XDATA0_END        #
#                            -Z(XDATA)XDATA_HEAP+_XDATA_HEAP_SIZE=_XDATA0_STAR #
#                            T-_XDATA0_END                                     #
#                            -Z(CONST)XDATA_ROM_C=_XDATA0_START-_XDATA0_END    #
#                            -cx51 -Z(XDATA)XDATA_SCRATCH=0xFDA2-0xFEFF)       #
#                            -D_NR_OF_VIRTUAL_REGISTERS=8 -D?PBANK=0x93 -rt    #
#                            -s __program_start                                #
#                            "C:\Archivos de programa\IAR Systems\Embedded Wor #
#                            kbench 6.0_2\8051\LIB\CLIB\cl-pli-nlxd-1e16x01.r5 #
#                            1"                                                #
#                            -D_IDATA_STACK_SIZE=0xb0                          #
#                            -D_EXTENDED_STACK_START=0x00                      #
#                            -D_EXTENDED_STACK_SIZE=0x00                       #
#                            -D_PDATA_STACK_SIZE=0x80                          #
#                            -D_XDATA_STACK_SIZE=0x3ff                         #
#                            -D_XDATA_HEAP_SIZE=0xFF -D_FAR_HEAP_SIZE=0xFFF    #
#                            -D_HUGE_HEAP_SIZE=0xFFF                           #
#                            -D_FAR22_HEAP_SIZE=0xFFF                          #
#                                                                              #
#                           Copyright (C) 1987-2010 IAR Systems AB.            #
################################################################################





                ****************************************
                *                                      *
                *           CROSS REFERENCE            *
                *                                      *
                ****************************************

       Program entry at : CODE      000000E9  Relocatable, from module : CSTARTUP




                ****************************************
                *                                      *
                *            RUNTIME MODEL             *
                *                                      *
                ****************************************

  __SystemLibrary          = CLib
  __calling_convention     = xdata_reentrant
  __code_model             = near
  __core                   = plain
  __data_model             = large
  __dptr_size              = 16
  __extended_stack         = disabled
  __location_for_constants = data
  __number_of_dptrs        = 1
  __rt_version             = 1



                ****************************************
                *                                      *
                *              MODULE MAP              *
                *                                      *
                ****************************************


  DEFINED ABSOLUTE ENTRIES
    *************************************************************************

  DEFINED ABSOLUTE ENTRIES
  PROGRAM MODULE, NAME : ?ABS_ENTRY_MOD

Absolute parts
           ENTRY                   ADDRESS         REF BY
           =====                   =======         ======
           _FAR22_HEAP_SIZE        00000FFF 
           _HUGE_HEAP_SIZE         00000FFF 
           _FAR_HEAP_SIZE          00000FFF 
           _XDATA_HEAP_SIZE        000000FF 
           _XDATA_STACK_SIZE       000003FF 
           _PDATA_STACK_SIZE       00000080 
           _EXTENDED_STACK_SIZE    00000000 
           _EXTENDED_STACK_START   00000000 
           _IDATA_STACK_SIZE       000000B0 
           ?PBANK                  00000093 
           _NR_OF_VIRTUAL_REGISTERS
                                   00000008 
           ?ESP                    0000009B 
           ?VB                     00000020        ?FUNC_ENTER_XDATA (?FUNC_ENTER_XDATA)
                                                   ?FUNC_LEAVE_XDATA (?FUNC_LEAVE_XDATA)
                                                   ?INTERRUPT_ENTER_XSP (?INTERRUPT_ENTER_XSP)
                                                   ?INTERRUPT_LEAVE_XSP (?INTERRUPT_LEAVE_XSP)
           _BREG_START             00000000 
           _REGISTER_BANK_START    00000000 
           ?REGISTER_BANK          00000000        Segment part 6 (CSTARTUP)
           _CODE0_END              00007FFF 
           _CODE0_START            00000000 
           _XDATA0_END             0000FDA1 
           _XDATA0_START           0000F000 
           _IXDATA0_END            0000FDA1 
           _IXDATA0_START          0000F000 
           _PDATA0_END             0000F0FF 
           _PDATA0_START           0000F000 
           _IDATA0_END             000000FF 
           _IDATA0_START           00000000 
           _CODEBANK_START         00000000 
           _CODEBANK_END           00000000 
           _NR_OF_BANKS            00000000 
    *************************************************************************

  FILE NAME : C:\Documents and Settings\usuario\Mis documentos\Server_IAR\868MHz - Unrestricted IAR Workbench (Europe)\Obj\aes.r51
  PROGRAM MODULE, NAME : aes

  SEGMENTS IN THE MODULE
  ======================
SFR_AN
  Relative segment, address: DATA 000000B1 - 000000B1 (0x1 bytes), align: 0
  Segment part 1. ROOT.       Intra module refs:   aes_decrypt
           ENTRY                   ADDRESS         REF BY
           =====                   =======         ======
           ENCDI                   000000B1 
    -------------------------------------------------------------------------
SFR_AN
  Relative segment, address: DATA 000000B2 - 000000B2 (0x1 bytes), align: 0
  Segment part 2. ROOT.       Intra module refs:   aes_decrypt
           ENTRY                   ADDRESS         REF BY
           =====                   =======         ======
           ENCDO                   000000B2 
    -------------------------------------------------------------------------
SFR_AN
  Relative segment, address: DATA 000000B3 - 000000B3 (0x1 bytes), align: 0
  Segment part 3. ROOT.       Intra module refs:   aes_decrypt
           ENTRY                   ADDRESS         REF BY
           =====                   =======         ======
           ENCCS                   000000B3 
    -------------------------------------------------------------------------
NEAR_CODE
  Relative segment, address: CODE 00000486 - 00000503 (0x7e bytes), align: 0
  Segment part 10.            Intra module refs:   aes_decryptCBC
           ENTRY                   ADDRESS         REF BY
           =====                   =======         ======
           aes_decrypt             00000486 
               XSTACK = 00000029 ( 00000009 )
               ISTACK = 00000000 ( 00000001 )
    -------------------------------------------------------------------------
NEAR_CODE
  Relative segment, address: CODE 00000504 - 00000642 (0x13f bytes), align: 0
  Segment part 11.
           ENTRY                   ADDRESS         REF BY
           =====                   =======         ======
           aes_decryptCBC          00000504        decompress_packet (authentication_main)
               calls direct
               XSTACK = 00000000 ( 00000029 )
               ISTACK = 00000000 ( 00000002 )

    *************************************************************************

  FILE NAME : C:\Documents and Settings\usuario\Mis documentos\Server_IAR\868MHz - Unrestricted IAR Workbench (Europe)\Obj\authentication_main.r51
  PROGRAM MODULE, NAME : authentication_main

  SEGMENTS IN THE MODULE
  ======================
SFR_AN
  Relative segment, address: DATA 00000090 - 00000090 (0x1 bytes), align: 0
  Segment part 1. ROOT.       Intra module refs:   authentication_main
                                                   main (main)
                                                   usbUartInit (usb_uart)
                                                   usb_decode (main)
           ENTRY                   ADDRESS         REF BY
           =====                   =======         ======
           _A_P1                   00000090 
           LOCAL                   ADDRESS         
           =====                   =======         
           P1                      00000090 
    -------------------------------------------------------------------------
SFR_AN
  Relative segment, address: DATA 00000091 - 00000091 (0x1 bytes), align: 0
  Segment part 2. ROOT.       Intra module refs:   authentication_config
           ENTRY                   ADDRESS         REF BY
           =====                   =======         ======
           RFIM                    00000091 
    -------------------------------------------------------------------------
SFR_AN
  Relative segment, address: DATA 0000009A - 0000009A (0x1 bytes), align: 0
  Segment part 3. ROOT.       Intra module refs:   authentication_config
                                                   main (main)
                                                   usbirqInit (usb_interrupt)
           ENTRY                   ADDRESS         REF BY
           =====                   =======         ======
           IEN2                    0000009A 
    -------------------------------------------------------------------------
SFR_AN
  Relative segment, address: DATA 0000009B - 0000009B (0x1 bytes), align: 0
  Segment part 4. ROOT.       Intra module refs:   radio_rf_ISR
           ENTRY                   ADDRESS         REF BY
           =====                   =======         ======
           S1CON                   0000009B 
    -------------------------------------------------------------------------
SFR_AN
  Relative segment, address: DATA 000000A2 - 000000A2 (0x1 bytes), align: 0
  Segment part 5. ROOT.       Intra module refs:   authentication_config
           ENTRY                   ADDRESS         REF BY
           =====                   =======         ======
           WORCTRL                 000000A2 
    -------------------------------------------------------------------------
SFR_AN
  Relative segment, address: DATA 000000A3 - 000000A3 (0x1 bytes), align: 0
  Segment part 6. ROOT.       Intra module refs:   authentication_config
           ENTRY                   ADDRESS         REF BY
           =====                   =======         ======
           WOREVT0                 000000A3 
    -------------------------------------------------------------------------
SFR_AN
  Relative segment, address: DATA 000000A4 - 000000A4 (0x1 bytes), align: 0
  Segment part 7. ROOT.       Intra module refs:   authentication_config
           ENTRY                   ADDRESS         REF BY
           =====                   =======         ======
           WOREVT1                 000000A4 
    -------------------------------------------------------------------------
SFR_AN
  Relative segment, address: DATA 000000A8 - 000000A8 (0x1 bytes), align: 0
  Segment part 8. ROOT.       Intra module refs:   authentication_config
                                                   halIntOff (hal_int)
                                                   halIntOn (hal_int)
                                                   main (main)
           ENTRY                   ADDRESS         REF BY
           =====                   =======         ======
           _A_IEN0                 000000A8 
           LOCAL                   ADDRESS         
           =====                   =======         
           IEN0                    000000A8 
    -------------------------------------------------------------------------
SFR_AN
  Relative segment, address: DATA 000000D9 - 000000D9 (0x1 bytes), align: 0
  Segment part 9. ROOT.       Intra module refs:   radio_rftxrx
           ENTRY                   ADDRESS         REF BY
           =====                   =======         ======
           RFD                     000000D9 
    -------------------------------------------------------------------------
SFR_AN
  Relative segment, address: DATA 000000E1 - 000000E1 (0x1 bytes), align: 0
  Segment part 10. ROOT.      Intra module refs:   AuthRxModeOn
                                                   authentication_config
                                                   radio_rf_ISR
                                                   radio_transmit
           ENTRY                   ADDRESS         REF BY
           =====                   =======         ======
           RFST                    000000E1 
    -------------------------------------------------------------------------
SFR_AN
  Relative segment, address: DATA 000000E9 - 000000E9 (0x1 bytes), align: 0
  Segment part 11. ROOT.      Intra module refs:   authentication_config
                                                   radio_rf_ISR
           ENTRY                   ADDRESS         REF BY
           =====                   =======         ======
           RFIF                    000000E9 
    -------------------------------------------------------------------------
XDATA_I
  Relative segment, address: XDATA 0000F569 - 0000F578 (0x10 bytes), align: 0
  Segment part 17.            Intra module refs:   decompress_packet
           ENTRY                   ADDRESS         REF BY
           =====                   =======         ======
           key_ap                  0000F569 
    -------------------------------------------------------------------------
XDATA_Z
  Relative segment, address: XDATA 0000F3FF - 0000F427 (0x29 bytes), align: 0
  Segment part 19.            Intra module refs:   authentication_main
           ENTRY                   ADDRESS         REF BY
           =====                   =======         ======
           paquete_recibido        0000F3FF 
    -------------------------------------------------------------------------
XDATA_Z
  Relative segment, address: XDATA 0000F428 - 0000F450 (0x29 bytes), align: 0
  Segment part 21.            Intra module refs:   authentication_main
                                                   data2usb
           ENTRY                   ADDRESS         REF BY
           =====                   =======         ======
           packet                  0000F428 
    -------------------------------------------------------------------------
XDATA_Z
  Relative segment, address: XDATA 0000F451 - 0000F451 (0x1 bytes), align: 0
  Segment part 22.            Intra module refs:   authentication_main
                                                   radio_rf_ISR
           ENTRY                   ADDRESS         REF BY
           =====                   =======         ======
           packet_ok               0000F451 
    -------------------------------------------------------------------------
XDATA_Z
  Relative segment, address: XDATA 0000F452 - 0000F452 (0x1 bytes), align: 0
  Segment part 23.            Intra module refs:   authentication_main
                                                   data2usb
           ENTRY                   ADDRESS         REF BY
           =====                   =======         ======
           packet_id_rand          0000F452 
    -------------------------------------------------------------------------
XDATA_Z
  Relative segment, address: XDATA 0000F453 - 0000F453 (0x1 bytes), align: 0
  Segment part 24.            Intra module refs:   radio_rf_ISR
                                                   radio_rftxrx
                                                   send_ack_radio
           ENTRY                   ADDRESS         REF BY
           =====                   =======         ======
           envia_ejemplo           0000F453 
    -------------------------------------------------------------------------
XDATA_Z
  Relative segment, address: XDATA 0000F454 - 0000F461 (0xe bytes), align: 0
  Segment part 25.            Intra module refs:   radio_rftxrx
                                                   send_rand
           ENTRY                   ADDRESS         REF BY
           =====                   =======         ======
           auth_data_tx            0000F454 
    -------------------------------------------------------------------------
XDATA_Z
  Relative segment, address: XDATA 0000F462 - 0000F47B (0x1a bytes), align: 0
  Segment part 26.            Intra module refs:   radio_rftxrx
                                                   send_ack_radio
           ENTRY                   ADDRESS         REF BY
           =====                   =======         ======
           auth_data_example       0000F462 
    -------------------------------------------------------------------------
XDATA_Z
  Relative segment, address: XDATA 0000F47C - 0000F4A7 (0x2c bytes), align: 0
  Segment part 27.            Intra module refs:   authentication_main
                                                   radio_rftxrx
           ENTRY                   ADDRESS         REF BY
           =====                   =======         ======
           auth_data_rx            0000F47C 
    -------------------------------------------------------------------------
XDATA_Z
  Relative segment, address: XDATA 0000F4A8 - 0000F4A8 (0x1 bytes), align: 0
  Segment part 28.            Intra module refs:   radio_rf_ISR
                                                   radio_rftxrx
                                                   radio_transmit
                                                   send_ack_radio
                                                   send_rand
           ENTRY                   ADDRESS         REF BY
           =====                   =======         ======
           auth_ptr_tx             0000F4A8 
    -------------------------------------------------------------------------
XDATA_Z
  Relative segment, address: XDATA 0000F4A9 - 0000F4A9 (0x1 bytes), align: 0
  Segment part 29.            Intra module refs:   AuthRxModeOn
                                                   radio_rf_ISR
                                                   radio_rftxrx
           ENTRY                   ADDRESS         REF BY
           =====                   =======         ======
           auth_ptr_rx             0000F4A9 
    -------------------------------------------------------------------------
NEAR_CODE
  Relative segment, address: CODE 00000643 - 0000072B (0xe9 bytes), align: 0
  Segment part 33.
           ENTRY                   ADDRESS         REF BY
           =====                   =======         ======
           authentication_config   00000643        main (main)
               ISTACK = 00000000 ( 00000002 )
    -------------------------------------------------------------------------
NEAR_CODE
  Relative segment, address: CODE 0000072C - 0000074F (0x24 bytes), align: 0
  Segment part 34.            Intra module refs:   authentication_main
           ENTRY                   ADDRESS         REF BY
           =====                   =======         ======
           AuthRxModeOn            0000072C 
               XSTACK = 00000008 ( 00000000 )
               ISTACK = 00000000 ( 00000002 )
    -------------------------------------------------------------------------
NEAR_CODE
  Relative segment, address: CODE 00000750 - 00000773 (0x24 bytes), align: 0
  Segment part 37.            Intra module refs:   send_ack_radio
                                                   send_rand
           ENTRY                   ADDRESS         REF BY
           =====                   =======         ======
           radio_transmit          00000750 
               XSTACK = 00000010 ( 00000000 )
               ISTACK = 00000000 ( 00000002 )
    -------------------------------------------------------------------------
NEAR_CODE
  Relative segment, address: CODE 00000774 - 00000814 (0xa1 bytes), align: 0
  Segment part 38.
           ENTRY                   ADDRESS         REF BY
           =====                   =======         ======
           radio_rf_ISR            00000774        rf_ISR (main)
               ISTACK = 00000000 ( 00000002 )
    -------------------------------------------------------------------------
NEAR_CODE
  Relative segment, address: CODE 00000815 - 00000891 (0x7d bytes), align: 0
  Segment part 39.
           ENTRY                   ADDRESS         REF BY
           =====                   =======         ======
           radio_rftxrx            00000815        ISR_RFTXRX (main)
               ISTACK = 00000000 ( 00000003 )
    -------------------------------------------------------------------------
NEAR_CODE
  Relative segment, address: CODE 00000892 - 000008B1 (0x20 bytes), align: 0
  Segment part 40.            Intra module refs:   authentication_main
           ENTRY                   ADDRESS         REF BY
           =====                   =======         ======
           check_packet            00000892 
               XSTACK = 00000008 ( 00000000 )
               ISTACK = 00000000 ( 00000002 )
    -------------------------------------------------------------------------
NEAR_CODE
  Relative segment, address: CODE 000008B2 - 00000A14 (0x163 bytes), align: 0
  Segment part 41.            Intra module refs:   authentication_main
           ENTRY                   ADDRESS         REF BY
           =====                   =======         ======
           decompress_packet       000008B2 
               calls direct
               XSTACK = 00000008 ( 00000028 )
               ISTACK = 00000000 ( 00000001 )
    -------------------------------------------------------------------------
NEAR_CODE
  Relative segment, address: CODE 00000A15 - 00000A77 (0x63 bytes), align: 0
  Segment part 43.
           ENTRY                   ADDRESS         REF BY
           =====                   =======         ======
           send_rand               00000A15        main (main)
               calls direct
               XSTACK = 00000000 ( 0000000F )
    -------------------------------------------------------------------------
NEAR_CODE
  Relative segment, address: CODE 00000A78 - 00000AFD (0x86 bytes), align: 0
  Segment part 44.
           ENTRY                   ADDRESS         REF BY
           =====                   =======         ======
           send_ack_radio          00000A78        main (main)
               calls direct
               XSTACK = 00000000 ( 00000009 )
               ISTACK = 00000000 ( 00000001 )
    -------------------------------------------------------------------------
NEAR_CODE
  Relative segment, address: CODE 00000AFE - 00000B69 (0x6c bytes), align: 0
  Segment part 45.
           ENTRY                   ADDRESS         REF BY
           =====                   =======         ======
           data2usb                00000AFE        usb_decode (main)
               XSTACK = 00000000 ( 00000009 )
               ISTACK = 00000000 ( 00000001 )
    -------------------------------------------------------------------------
NEAR_CODE
  Relative segment, address: CODE 00000B6A - 00000BE1 (0x78 bytes), align: 0
  Segment part 46.
           ENTRY                   ADDRESS         REF BY
           =====                   =======         ======
           authentication_main     00000B6A        main (main)
               calls direct
               XSTACK = 00000000 ( 00000008 )
               ISTACK = 00000000 ( 00000001 )
    -------------------------------------------------------------------------
XDATA_ID
  Relative segment, address: CODE 000000FB - 0000010A (0x10 bytes), align: 0
  Segment part 18.            Intra module refs:   key_ap

    *************************************************************************

  FILE NAME : C:\Documents and Settings\usuario\Mis documentos\Server_IAR\868MHz - Unrestricted IAR Workbench (Europe)\Obj\bsp.r51
  PROGRAM MODULE, NAME : bsp

  SEGMENTS IN THE MODULE
  ======================
SFR_AN
  Relative segment, address: DATA 000000CB - 000000CB (0x1 bytes), align: 0
  Segment part 3. ROOT.
           ENTRY                   ADDRESS         REF BY
           =====                   =======         ======
           T3CTL                   000000CB 
    -------------------------------------------------------------------------
SFR_AN
  Relative segment, address: DATA 000000CD - 000000CD (0x1 bytes), align: 0
  Segment part 4. ROOT.
           ENTRY                   ADDRESS         REF BY
           =====                   =======         ======
           T3CC0                   000000CD 
    -------------------------------------------------------------------------
SFR_AN
  Relative segment, address: DATA 000000D8 - 000000D8 (0x1 bytes), align: 0
  Segment part 5. ROOT.       Intra module refs:   timer4_ISR (main)
           ENTRY                   ADDRESS         REF BY
           =====                   =======         ======
           _A_TIMIF                000000D8 
           LOCAL                   ADDRESS         
           =====                   =======         
           TIMIF                   000000D8 
    -------------------------------------------------------------------------
SFR_AN
  Relative segment, address: DATA 000000FE - 000000FE (0x1 bytes), align: 0
  Segment part 6. ROOT.       Intra module refs:   main (main)
                                                   usbUartInit (usb_uart)
           ENTRY                   ADDRESS         REF BY
           =====                   =======         ======
           P1DIR                   000000FE 

    *************************************************************************

  FILE NAME : C:\Documents and Settings\usuario\Mis documentos\Server_IAR\868MHz - Unrestricted IAR Workbench (Europe)\Obj\clock.r51
  PROGRAM MODULE, NAME : clock

  SEGMENTS IN THE MODULE
  ======================
SFR_AN
  Relative segment, address: DATA 000000BE - 000000BE (0x1 bytes), align: 0
  Segment part 1. ROOT.       Intra module refs:   main (main)
                                                   usbfwInit (usb_framework)
                                                   usbirqHandler (usb_interrupt)
                                                   usbirqResumeHandler (usb_interrupt)
           ENTRY                   ADDRESS         REF BY
           =====                   =======         ======
           SLEEP                   000000BE 
    -------------------------------------------------------------------------
SFR_AN
  Relative segment, address: DATA 000000C6 - 000000C6 (0x1 bytes), align: 0
  Segment part 2. ROOT.       Intra module refs:   main (main)
           ENTRY                   ADDRESS         REF BY
           =====                   =======         ======
           CLKCON                  000000C6 

    *************************************************************************

  FILE NAME : C:\Documents and Settings\usuario\Mis documentos\Server_IAR\868MHz - Unrestricted IAR Workbench (Europe)\Obj\flash.r51
  PROGRAM MODULE, NAME : flash

  SEGMENTS IN THE MODULE
  ======================
SFR_AN
  Relative segment, address: DATA 000000AB - 000000AB (0x1 bytes), align: 0
  Segment part 3. ROOT.
           ENTRY                   ADDRESS         REF BY
           =====                   =======         ======
           FWT                     000000AB 
    -------------------------------------------------------------------------
SFR_AN
  Relative segment, address: DATA 000000AC - 000000AC (0x1 bytes), align: 0
  Segment part 4. ROOT.
           ENTRY                   ADDRESS         REF BY
           =====                   =======         ======
           FADDRL                  000000AC 
    -------------------------------------------------------------------------
SFR_AN
  Relative segment, address: DATA 000000AD - 000000AD (0x1 bytes), align: 0
  Segment part 5. ROOT.
           ENTRY                   ADDRESS         REF BY
           =====                   =======         ======
           FADDRH                  000000AD 
    -------------------------------------------------------------------------
SFR_AN
  Relative segment, address: DATA 000000AE - 000000AE (0x1 bytes), align: 0
  Segment part 6. ROOT.
           ENTRY                   ADDRESS         REF BY
           =====                   =======         ======
           FCTL                    000000AE 
    -------------------------------------------------------------------------
SFR_AN
  Relative segment, address: DATA 000000B8 - 000000B8 (0x1 bytes), align: 0
  Segment part 7. ROOT.       Intra module refs:   main (main)
                                                   usbfwInit (usb_framework)
                                                   usbirqResumeHandler (usb_interrupt)
                                                   usbsuspEnter (usb_suspend)
           ENTRY                   ADDRESS         REF BY
           =====                   =======         ======
           _A_IEN1                 000000B8 
           LOCAL                   ADDRESS         
           =====                   =======         
           IEN1                    000000B8 
    -------------------------------------------------------------------------
XDATA_AN
  Relative segment, address: XDATA 0000FC00 - 0000FC1F (0x20 bytes), align: 0
  Segment part 9. ROOT.
           ENTRY                   ADDRESS         REF BY
           =====                   =======         ======
           flash_write_code        0000FC00 
    -------------------------------------------------------------------------
NEAR_CODE
  Relative segment, address: CODE 00000BE2 - 00000BF1 (0x10 bytes), align: 0
  Segment part 17.
           ENTRY                   ADDRESS         REF BY
           =====                   =======         ======
           flash_byte_read         00000BE2        main (main)
               XSTACK = 0000000B ( 00000000 )
               ISTACK = 00000000 ( 00000002 )

    *************************************************************************

  FILE NAME : C:\Documents and Settings\usuario\Mis documentos\Server_IAR\868MHz - Unrestricted IAR Workbench (Europe)\Obj\hal_assert.r51
    *************************************************************************

  FILE NAME : C:\Documents and Settings\usuario\Mis documentos\Server_IAR\868MHz - Unrestricted IAR Workbench (Europe)\Obj\hal_board.r51
  PROGRAM MODULE, NAME : hal_board

  SEGMENTS IN THE MODULE
  ======================
SFR_AN
  Relative segment, address: DATA 000000F4 - 000000F4 (0x1 bytes), align: 0
  Segment part 2. ROOT.       Intra module refs:   usbUartInit (usb_uart)
           ENTRY                   ADDRESS         REF BY
           =====                   =======         ======
           P1SEL                   000000F4 

    *************************************************************************

  FILE NAME : C:\Documents and Settings\usuario\Mis documentos\Server_IAR\868MHz - Unrestricted IAR Workbench (Europe)\Obj\hal_int.r51
  PROGRAM MODULE, NAME : hal_int

  SEGMENTS IN THE MODULE
  ======================
NEAR_CODE
  Relative segment, address: CODE 00000BF2 - 00000BF4 (0x3 bytes), align: 0
  Segment part 7.
           ENTRY                   ADDRESS         REF BY
           =====                   =======         ======
           halIntOn                00000BF2        usbInProcess (usb_uart)
                                                   usbOutProcess (usb_uart)
                                                   usbUartInit (usb_uart)
    -------------------------------------------------------------------------
NEAR_CODE
  Relative segment, address: CODE 00000BF5 - 00000BF7 (0x3 bytes), align: 0
  Segment part 8.
           ENTRY                   ADDRESS         REF BY
           =====                   =======         ======
           halIntOff               00000BF5        usbInProcess (usb_uart)
                                                   usbOutProcess (usb_uart)

    *************************************************************************

  FILE NAME : C:\Documents and Settings\usuario\Mis documentos\Server_IAR\868MHz - Unrestricted IAR Workbench (Europe)\Obj\hal_led.r51
  PROGRAM MODULE, NAME : hal_led

  SEGMENTS IN THE MODULE
  ======================

    *************************************************************************

  FILE NAME : C:\Documents and Settings\usuario\Mis documentos\Server_IAR\868MHz - Unrestricted IAR Workbench (Europe)\Obj\hal_mcu.r51
  PROGRAM MODULE, NAME : hal_mcu

  SEGMENTS IN THE MODULE
  ======================
SFR_AN
  Relative segment, address: DATA 000000C9 - 000000C9 (0x1 bytes), align: 0
  Segment part 1. ROOT.
           ENTRY                   ADDRESS         REF BY
           =====                   =======         ======
           WDCTL                   000000C9 

    *************************************************************************

  FILE NAME : C:\Documents and Settings\usuario\Mis documentos\Server_IAR\868MHz - Unrestricted IAR Workbench (Europe)\Obj\hal_uart_usb.r51
  PROGRAM MODULE, NAME : hal_uart_usb

  SEGMENTS IN THE MODULE
  ======================
XDATA_I
  Relative segment, address: XDATA 0000F579 - 0000F57C (0x4 bytes), align: 0
  Segment part 12.            Intra module refs:   main (main)
           ENTRY                   ADDRESS         REF BY
           =====                   =======         ======
           __Constant_1c200        0000F579 
    -------------------------------------------------------------------------
XDATA_ID
  Relative segment, address: CODE 0000010B - 0000010E (0x4 bytes), align: 0
  Segment part 13.            Intra module refs:   __Constant_1c200

    *************************************************************************

  FILE NAME : C:\Documents and Settings\usuario\Mis documentos\Server_IAR\868MHz - Unrestricted IAR Workbench (Europe)\Obj\main.r51
  PROGRAM MODULE, NAME : main

  SEGMENTS IN THE MODULE
  ======================
SFR_AN
  Relative segment, address: DATA 00000080 - 00000080 (0x1 bytes), align: 0
  Segment part 1. ROOT.       Intra module refs:   main
           ENTRY                   ADDRESS         REF BY
           =====                   =======         ======
           _A_P0                   00000080 
           LOCAL                   ADDRESS         
           =====                   =======         
           P0                      00000080 
    -------------------------------------------------------------------------
SFR_AN
  Relative segment, address: DATA 000000A0 - 000000A0 (0x1 bytes), align: 0
  Segment part 4. ROOT.       Intra module refs:   main
           ENTRY                   ADDRESS         REF BY
           =====                   =======         ======
           _A_P2                   000000A0 
           LOCAL                   ADDRESS         
           =====                   =======         
           P2                      000000A0 
    -------------------------------------------------------------------------
SFR_AN
  Relative segment, address: DATA 000000A9 - 000000A9 (0x1 bytes), align: 0
  Segment part 6. ROOT.       Intra module refs:   main
           ENTRY                   ADDRESS         REF BY
           =====                   =======         ======
           IP0                     000000A9 
    -------------------------------------------------------------------------
SFR_AN
  Relative segment, address: DATA 000000B9 - 000000B9 (0x1 bytes), align: 0
  Segment part 8. ROOT.       Intra module refs:   main
           ENTRY                   ADDRESS         REF BY
           =====                   =======         ======
           IP1                     000000B9 
    -------------------------------------------------------------------------
SFR_AN
  Relative segment, address: DATA 000000C0 - 000000C0 (0x1 bytes), align: 0
  Segment part 10. ROOT.      Intra module refs:   t1Timer_ISR
                                                   usbirqInit (usb_interrupt)
                                                   usbirqResumeHandler (usb_interrupt)
                                                   usbsuspEnter (usb_suspend)
           ENTRY                   ADDRESS         REF BY
           =====                   =======         ======
           _A_IRCON                000000C0 
           LOCAL                   ADDRESS         
           =====                   =======         
           IRCON                   000000C0 
    -------------------------------------------------------------------------
SFR_AN
  Relative segment, address: DATA 000000E4 - 000000E4 (0x1 bytes), align: 0
  Segment part 13. ROOT.      Intra module refs:   set_timer1_cycles (timer1)
                                                   t1Timer_ISR
           ENTRY                   ADDRESS         REF BY
           =====                   =======         ======
           T1CTL                   000000E4 
    -------------------------------------------------------------------------
SFR_AN
  Relative segment, address: DATA 000000EB - 000000EB (0x1 bytes), align: 0
  Segment part 14. ROOT.      Intra module refs:   main
           ENTRY                   ADDRESS         REF BY
           =====                   =======         ======
           T4CTL                   000000EB 
    -------------------------------------------------------------------------
SFR_AN
  Relative segment, address: DATA 000000EC - 000000EC (0x1 bytes), align: 0
  Segment part 15. ROOT.      Intra module refs:   main
           ENTRY                   ADDRESS         REF BY
           =====                   =======         ======
           T4CCTL0                 000000EC 
    -------------------------------------------------------------------------
SFR_AN
  Relative segment, address: DATA 000000ED - 000000ED (0x1 bytes), align: 0
  Segment part 16. ROOT.      Intra module refs:   main
           ENTRY                   ADDRESS         REF BY
           =====                   =======         ======
           T4CC0                   000000ED 
    -------------------------------------------------------------------------
SFR_AN
  Relative segment, address: DATA 000000FD - 000000FD (0x1 bytes), align: 0
  Segment part 17. ROOT.      Intra module refs:   main
           ENTRY                   ADDRESS         REF BY
           =====                   =======         ======
           P0DIR                   000000FD 
    -------------------------------------------------------------------------
SFR_AN
  Relative segment, address: DATA 000000FF - 000000FF (0x1 bytes), align: 0
  Segment part 19. ROOT.      Intra module refs:   main
           ENTRY                   ADDRESS         REF BY
           =====                   =======         ======
           P2DIR                   000000FF 
    -------------------------------------------------------------------------
XDATA_Z
  Relative segment, address: XDATA 0000F4AA - 0000F4AA (0x1 bytes), align: 0
  Segment part 40.            Intra module refs:   main
                                                   usb_decode
           ENTRY                   ADDRESS         REF BY
           =====                   =======         ======
           system_status           0000F4AA 
    -------------------------------------------------------------------------
XDATA_Z
  Relative segment, address: XDATA 0000F4AB - 0000F4AB (0x1 bytes), align: 0
  Segment part 41.            Intra module refs:   main
                                                   usb_decode
           ENTRY                   ADDRESS         REF BY
           =====                   =======         ======
           authentication_on       0000F4AB 
    -------------------------------------------------------------------------
XDATA_Z
  Relative segment, address: XDATA 0000F4AC - 0000F4AC (0x1 bytes), align: 0
  Segment part 42.            Intra module refs:   usb_decode
           ENTRY                   ADDRESS         REF BY
           =====                   =======         ======
           authentication_start_now
                                   0000F4AC 
    -------------------------------------------------------------------------
XDATA_Z
  Relative segment, address: XDATA 0000F4AD - 0000F4AD (0x1 bytes), align: 0
  Segment part 43.            Intra module refs:   main
                                                   usb_decode
           ENTRY                   ADDRESS         REF BY
           =====                   =======         ======
           send_packet             0000F4AD 
    -------------------------------------------------------------------------
XDATA_Z
  Relative segment, address: XDATA 0000F4AE - 0000F4AE (0x1 bytes), align: 0
  Segment part 44.            Intra module refs:   main
                                                   usb_decode
           ENTRY                   ADDRESS         REF BY
           =====                   =======         ======
           authentication_listen   0000F4AE 
    -------------------------------------------------------------------------
XDATA_Z
  Relative segment, address: XDATA 0000F4AF - 0000F4AF (0x1 bytes), align: 0
  Segment part 45.            Intra module refs:   main
                                                   usb_decode
           ENTRY                   ADDRESS         REF BY
           =====                   =======         ======
           send_ack                0000F4AF 
    -------------------------------------------------------------------------
XDATA_Z
  Relative segment, address: XDATA 0000F4B0 - 0000F4B3 (0x4 bytes), align: 0
  Segment part 46.            Intra module refs:   main
                                                   usb_decode
           ENTRY                   ADDRESS         REF BY
           =====                   =======         ======
           random                  0000F4B0 
    -------------------------------------------------------------------------
XDATA_Z
  Relative segment, address: XDATA 0000F4B4 - 0000F4C5 (0x12 bytes), align: 0
  Segment part 47.            Intra module refs:   usb_decode
           ENTRY                   ADDRESS         REF BY
           =====                   =======         ======
           data_id                 0000F4B4 
    -------------------------------------------------------------------------
XDATA_Z
  Relative segment, address: XDATA 0000F4C6 - 0000F4D5 (0x10 bytes), align: 0
  Segment part 48.            Intra module refs:   main
                                                   usb_decode
           ENTRY                   ADDRESS         REF BY
           =====                   =======         ======
           packet_ack              0000F4C6 
    -------------------------------------------------------------------------
XDATA_Z
  Relative segment, address: XDATA 0000F4D6 - 0000F4D6 (0x1 bytes), align: 0
  Segment part 51.            Intra module refs:   main
           ENTRY                   ADDRESS         REF BY
           =====                   =======         ======
           frequoffset             0000F4D6 
    -------------------------------------------------------------------------
NEAR_CODE
  Relative segment, address: CODE 00000BF8 - 00000D1C (0x125 bytes), align: 0
  Segment part 54.
           ENTRY                   ADDRESS         REF BY
           =====                   =======         ======
           main                    00000BF8        ?call_main (?cmain)
               calls direct
    -------------------------------------------------------------------------
NEAR_CODE
  Relative segment, address: CODE 00000D1D - 00000ED9 (0x1bd bytes), align: 0
  Segment part 55.
           ENTRY                   ADDRESS         REF BY
           =====                   =======         ======
           usb_decode              00000D1D        usbOutProcess (usb_uart)
               calls direct
               XSTACK = 00000000 ( 0000000F )
               ISTACK = 00000000 ( 00000001 )
    -------------------------------------------------------------------------
NEAR_CODE
  Relative segment, address: CODE 00000EDA - 00000EE8 (0xf bytes), align: 0
  Segment part 56.            Intra module refs:   rf_ISR::??INTVEC 131
           ENTRY                   ADDRESS         REF BY
           =====                   =======         ======
           rf_ISR                  00000EDA 
               interrupt function
               calls direct
               XSTACK = 00000000 ( 0000000E )
    -------------------------------------------------------------------------
NEAR_CODE
  Relative segment, address: CODE 00000EE9 - 00000EF7 (0xf bytes), align: 0
  Segment part 57.            Intra module refs:   ISR_RFTXRX::??INTVEC 3
           ENTRY                   ADDRESS         REF BY
           =====                   =======         ======
           ISR_RFTXRX              00000EE9 
               interrupt function
               calls direct
               XSTACK = 00000000 ( 0000000E )
    -------------------------------------------------------------------------
NEAR_CODE
  Relative segment, address: CODE 00000EF8 - 00000F21 (0x2a bytes), align: 0
  Segment part 58.            Intra module refs:   t1Timer_ISR::??INTVEC 75
           ENTRY                   ADDRESS         REF BY
           =====                   =======         ======
           t1Timer_ISR             00000EF8 
               interrupt function
               calls direct
               XSTACK = 00000000 ( 0000000E )
    -------------------------------------------------------------------------
NEAR_CODE
  Relative segment, address: CODE 00000F22 - 00000F32 (0x11 bytes), align: 0
  Segment part 59.            Intra module refs:   timer4_ISR::??INTVEC 99
           ENTRY                   ADDRESS         REF BY
           =====                   =======         ======
           timer4_ISR              00000F22 
               interrupt function
               calls direct
               XSTACK = 00000000 ( 0000000E )
    -------------------------------------------------------------------------
NEAR_CODE
  Relative segment, address: CODE 00000F33 - 00000F34 (0x2 bytes), align: 0
  Segment part 60.            Intra module refs:   adc_ISR
                                                   dma_ISR
                                                   enc_ISR
                                                   p1_ISR
                                                   st_ISR
                                                   t2_ISR
                                                   urx0_ISR
                                                   urx1_ISR
                                                   utx0_ISR
                                                   utx1_ISR
                                                   wdt_ISR
           ENTRY                   ADDRESS         REF BY
           =====                   =======         ======
           catch_stray_irq         00000F33 
               XSTACK = 0000000E ( 00000000 )
    -------------------------------------------------------------------------
NEAR_CODE
  Relative segment, address: CODE 00000F35 - 00000F43 (0xf bytes), align: 0
  Segment part 61.            Intra module refs:   adc_ISR::??INTVEC 11
           ENTRY                   ADDRESS         REF BY
           =====                   =======         ======
           adc_ISR                 00000F35 
               interrupt function
               calls direct
               XSTACK = 00000000 ( 0000000E )
    -------------------------------------------------------------------------
NEAR_CODE
  Relative segment, address: CODE 00000F44 - 00000F52 (0xf bytes), align: 0
  Segment part 62.            Intra module refs:   urx0_ISR::??INTVEC 19
           ENTRY                   ADDRESS         REF BY
           =====                   =======         ======
           urx0_ISR                00000F44 
               interrupt function
               calls direct
               XSTACK = 00000000 ( 0000000E )
    -------------------------------------------------------------------------
NEAR_CODE
  Relative segment, address: CODE 00000F53 - 00000F61 (0xf bytes), align: 0
  Segment part 63.            Intra module refs:   urx1_ISR::??INTVEC 27
           ENTRY                   ADDRESS         REF BY
           =====                   =======         ======
           urx1_ISR                00000F53 
               interrupt function
               calls direct
               XSTACK = 00000000 ( 0000000E )
    -------------------------------------------------------------------------
NEAR_CODE
  Relative segment, address: CODE 00000F62 - 00000F70 (0xf bytes), align: 0
  Segment part 64.            Intra module refs:   enc_ISR::??INTVEC 35
           ENTRY                   ADDRESS         REF BY
           =====                   =======         ======
           enc_ISR                 00000F62 
               interrupt function
               calls direct
               XSTACK = 00000000 ( 0000000E )
    -------------------------------------------------------------------------
NEAR_CODE
  Relative segment, address: CODE 00000F71 - 00000F7F (0xf bytes), align: 0
  Segment part 65.            Intra module refs:   st_ISR::??INTVEC 43
           ENTRY                   ADDRESS         REF BY
           =====                   =======         ======
           st_ISR                  00000F71 
               interrupt function
               calls direct
               XSTACK = 00000000 ( 0000000E )
    -------------------------------------------------------------------------
NEAR_CODE
  Relative segment, address: CODE 00000F80 - 00000F8E (0xf bytes), align: 0
  Segment part 66.            Intra module refs:   utx0_ISR::??INTVEC 59
           ENTRY                   ADDRESS         REF BY
           =====                   =======         ======
           utx0_ISR                00000F80 
               interrupt function
               calls direct
               XSTACK = 00000000 ( 0000000E )
    -------------------------------------------------------------------------
NEAR_CODE
  Relative segment, address: CODE 00000F8F - 00000F9D (0xf bytes), align: 0
  Segment part 67.            Intra module refs:   dma_ISR::??INTVEC 67
           ENTRY                   ADDRESS         REF BY
           =====                   =======         ======
           dma_ISR                 00000F8F 
               interrupt function
               calls direct
               XSTACK = 00000000 ( 0000000E )
    -------------------------------------------------------------------------
NEAR_CODE
  Relative segment, address: CODE 00000F9E - 00000FAC (0xf bytes), align: 0
  Segment part 68.            Intra module refs:   t2_ISR::??INTVEC 83
           ENTRY                   ADDRESS         REF BY
           =====                   =======         ======
           t2_ISR                  00000F9E 
               interrupt function
               calls direct
               XSTACK = 00000000 ( 0000000E )
    -------------------------------------------------------------------------
NEAR_CODE
  Relative segment, address: CODE 00000FAD - 00000FBB (0xf bytes), align: 0
  Segment part 69.            Intra module refs:   utx1_ISR::??INTVEC 115
           ENTRY                   ADDRESS         REF BY
           =====                   =======         ======
           utx1_ISR                00000FAD 
               interrupt function
               calls direct
               XSTACK = 00000000 ( 0000000E )
    -------------------------------------------------------------------------
NEAR_CODE
  Relative segment, address: CODE 00000FBC - 00000FCA (0xf bytes), align: 0
  Segment part 70.            Intra module refs:   p1_ISR::??INTVEC 123
           ENTRY                   ADDRESS         REF BY
           =====                   =======         ======
           p1_ISR                  00000FBC 
               interrupt function
               calls direct
               XSTACK = 00000000 ( 0000000E )
    -------------------------------------------------------------------------
NEAR_CODE
  Relative segment, address: CODE 00000FCB - 00000FD9 (0xf bytes), align: 0
  Segment part 71.            Intra module refs:   wdt_ISR::??INTVEC 139
           ENTRY                   ADDRESS         REF BY
           =====                   =======         ======
           wdt_ISR                 00000FCB 
               interrupt function
               calls direct
               XSTACK = 00000000 ( 0000000E )
    -------------------------------------------------------------------------
INTVEC
  Common segment, address: CODE 00000000 - 00000005 (0x6 bytes), align: 0
  Segment part 20. ROOT.
           ENTRY                   ADDRESS         REF BY
           =====                   =======         ======
           ISR_RFTXRX::??INTVEC 3
                                   00000003 
    -------------------------------------------------------------------------
INTVEC
  Common segment, address: CODE 00000000 - 0000000D (0xe bytes), align: 0
  Segment part 21. ROOT.
           ENTRY                   ADDRESS         REF BY
           =====                   =======         ======
           adc_ISR::??INTVEC 11    0000000B 
    -------------------------------------------------------------------------
INTVEC
  Common segment, address: CODE 00000000 - 00000015 (0x16 bytes), align: 0
  Segment part 22. ROOT.
           ENTRY                   ADDRESS         REF BY
           =====                   =======         ======
           urx0_ISR::??INTVEC 19   00000013 
    -------------------------------------------------------------------------
INTVEC
  Common segment, address: CODE 00000000 - 0000001D (0x1e bytes), align: 0
  Segment part 23. ROOT.
           ENTRY                   ADDRESS         REF BY
           =====                   =======         ======
           urx1_ISR::??INTVEC 27   0000001B 
    -------------------------------------------------------------------------
INTVEC
  Common segment, address: CODE 00000000 - 00000025 (0x26 bytes), align: 0
  Segment part 24. ROOT.
           ENTRY                   ADDRESS         REF BY
           =====                   =======         ======
           enc_ISR::??INTVEC 35    00000023 
    -------------------------------------------------------------------------
INTVEC
  Common segment, address: CODE 00000000 - 0000002D (0x2e bytes), align: 0
  Segment part 25. ROOT.
           ENTRY                   ADDRESS         REF BY
           =====                   =======         ======
           st_ISR::??INTVEC 43     0000002B 
    -------------------------------------------------------------------------
INTVEC
  Common segment, address: CODE 00000000 - 0000003D (0x3e bytes), align: 0
  Segment part 26. ROOT.
           ENTRY                   ADDRESS         REF BY
           =====                   =======         ======
           utx0_ISR::??INTVEC 59   0000003B 
    -------------------------------------------------------------------------
INTVEC
  Common segment, address: CODE 00000000 - 00000045 (0x46 bytes), align: 0
  Segment part 27. ROOT.
           ENTRY                   ADDRESS         REF BY
           =====                   =======         ======
           dma_ISR::??INTVEC 67    00000043 
    -------------------------------------------------------------------------
INTVEC
  Common segment, address: CODE 00000000 - 0000004D (0x4e bytes), align: 0
  Segment part 28. ROOT.
           ENTRY                   ADDRESS         REF BY
           =====                   =======         ======
           t1Timer_ISR::??INTVEC 75
                                   0000004B 
    -------------------------------------------------------------------------
INTVEC
  Common segment, address: CODE 00000000 - 00000055 (0x56 bytes), align: 0
  Segment part 29. ROOT.
           ENTRY                   ADDRESS         REF BY
           =====                   =======         ======
           t2_ISR::??INTVEC 83     00000053 
    -------------------------------------------------------------------------
INTVEC
  Common segment, address: CODE 00000000 - 00000065 (0x66 bytes), align: 0
  Segment part 30. ROOT.
           ENTRY                   ADDRESS         REF BY
           =====                   =======         ======
           timer4_ISR::??INTVEC 99
                                   00000063 
    -------------------------------------------------------------------------
INTVEC
  Common segment, address: CODE 00000000 - 00000075 (0x76 bytes), align: 0
  Segment part 31. ROOT.
           ENTRY                   ADDRESS         REF BY
           =====                   =======         ======
           utx1_ISR::??INTVEC 115
                                   00000073 
    -------------------------------------------------------------------------
INTVEC
  Common segment, address: CODE 00000000 - 0000007D (0x7e bytes), align: 0
  Segment part 32. ROOT.
           ENTRY                   ADDRESS         REF BY
           =====                   =======         ======
           p1_ISR::??INTVEC 123    0000007B 
    -------------------------------------------------------------------------
INTVEC
  Common segment, address: CODE 00000000 - 00000085 (0x86 bytes), align: 0
  Segment part 33. ROOT.
           ENTRY                   ADDRESS         REF BY
           =====                   =======         ======
           rf_ISR::??INTVEC 131    00000083 
    -------------------------------------------------------------------------
INTVEC
  Common segment, address: CODE 00000000 - 0000008D (0x8e bytes), align: 0
  Segment part 34. ROOT.
           ENTRY                   ADDRESS         REF BY
           =====                   =======         ======
           wdt_ISR::??INTVEC 139   0000008B 

    *************************************************************************

  FILE NAME : C:\Documents and Settings\usuario\Mis documentos\Server_IAR\868MHz - Unrestricted IAR Workbench (Europe)\Obj\main_AP_BM.r51
  PROGRAM MODULE, NAME : main_AP_BM

  SEGMENTS IN THE MODULE
  ======================
XDATA_Z
  Relative segment, address: XDATA 0000F4D7 - 0000F4F6 (0x20 bytes), align: 0
  Segment part 16.
           ENTRY                   ADDRESS         REF BY
           =====                   =======         ======
           simpliciti_data         0000F4D7        main (main)

    *************************************************************************

  FILE NAME : C:\Documents and Settings\usuario\Mis documentos\Server_IAR\868MHz - Unrestricted IAR Workbench (Europe)\Obj\mrfi.r51
  PROGRAM MODULE, NAME : mrfi

  SEGMENTS IN THE MODULE
  ======================
SFR_AN
  Relative segment, address: DATA 000000B4 - 000000B4 (0x1 bytes), align: 0
  Segment part 5. ROOT.
           ENTRY                   ADDRESS         REF BY
           =====                   =======         ======
           ADCCON1                 000000B4 
    -------------------------------------------------------------------------
SFR_AN
  Relative segment, address: DATA 000000BC - 000000BC (0x1 bytes), align: 0
  Segment part 6. ROOT.
           ENTRY                   ADDRESS         REF BY
           =====                   =======         ======
           RNDL                    000000BC 
    -------------------------------------------------------------------------
SFR_AN
  Relative segment, address: DATA 000000D1 - 000000D1 (0x1 bytes), align: 0
  Segment part 9. ROOT.
           ENTRY                   ADDRESS         REF BY
           =====                   =======         ======
           DMAIRQ                  000000D1 
    -------------------------------------------------------------------------
SFR_AN
  Relative segment, address: DATA 000000D4 - 000000D4 (0x1 bytes), align: 0
  Segment part 10. ROOT.
           ENTRY                   ADDRESS         REF BY
           =====                   =======         ======
           DMA0CFGL                000000D4 
    -------------------------------------------------------------------------
SFR_AN
  Relative segment, address: DATA 000000D5 - 000000D5 (0x1 bytes), align: 0
  Segment part 11. ROOT.
           ENTRY                   ADDRESS         REF BY
           =====                   =======         ======
           DMA0CFGH                000000D5 
    -------------------------------------------------------------------------
SFR_AN
  Relative segment, address: DATA 000000D6 - 000000D6 (0x1 bytes), align: 0
  Segment part 12. ROOT.
           ENTRY                   ADDRESS         REF BY
           =====                   =======         ======
           DMAARM                  000000D6 

    *************************************************************************

  FILE NAME : C:\Documents and Settings\usuario\Mis documentos\Server_IAR\868MHz - Unrestricted IAR Workbench (Europe)\Obj\nwk.r51
    *************************************************************************

  FILE NAME : C:\Documents and Settings\usuario\Mis documentos\Server_IAR\868MHz - Unrestricted IAR Workbench (Europe)\Obj\nwk_QMgmt.r51
  PROGRAM MODULE, NAME : nwk_QMgmt

  SEGMENTS IN THE MODULE
  ======================

    *************************************************************************

  FILE NAME : C:\Documents and Settings\usuario\Mis documentos\Server_IAR\868MHz - Unrestricted IAR Workbench (Europe)\Obj\nwk_api.r51
  PROGRAM MODULE, NAME : nwk_api

  SEGMENTS IN THE MODULE
  ======================

    *************************************************************************

  FILE NAME : C:\Documents and Settings\usuario\Mis documentos\Server_IAR\868MHz - Unrestricted IAR Workbench (Europe)\Obj\nwk_frame.r51
    *************************************************************************

  FILE NAME : C:\Documents and Settings\usuario\Mis documentos\Server_IAR\868MHz - Unrestricted IAR Workbench (Europe)\Obj\nwk_freq.r51
    *************************************************************************

  FILE NAME : C:\Documents and Settings\usuario\Mis documentos\Server_IAR\868MHz - Unrestricted IAR Workbench (Europe)\Obj\nwk_globals.r51
    *************************************************************************

  FILE NAME : C:\Documents and Settings\usuario\Mis documentos\Server_IAR\868MHz - Unrestricted IAR Workbench (Europe)\Obj\nwk_ioctl.r51
    *************************************************************************

  FILE NAME : C:\Documents and Settings\usuario\Mis documentos\Server_IAR\868MHz - Unrestricted IAR Workbench (Europe)\Obj\nwk_join.r51
    *************************************************************************

  FILE NAME : C:\Documents and Settings\usuario\Mis documentos\Server_IAR\868MHz - Unrestricted IAR Workbench (Europe)\Obj\nwk_link.r51
  PROGRAM MODULE, NAME : nwk_link

  SEGMENTS IN THE MODULE
  ======================

    *************************************************************************

  FILE NAME : C:\Documents and Settings\usuario\Mis documentos\Server_IAR\868MHz - Unrestricted IAR Workbench (Europe)\Obj\nwk_mgmt.r51
    *************************************************************************

  FILE NAME : C:\Documents and Settings\usuario\Mis documentos\Server_IAR\868MHz - Unrestricted IAR Workbench (Europe)\Obj\nwk_ping.r51
    *************************************************************************

  FILE NAME : C:\Documents and Settings\usuario\Mis documentos\Server_IAR\868MHz - Unrestricted IAR Workbench (Europe)\Obj\nwk_security.r51
    *************************************************************************
[...]
                                                   usbirqHandler (usb_interrupt)
                                                   usbsrGetDescriptor (usb_standard_requests)
    -------------------------------------------------------------------------
RCODE
  Relative segment, address: CODE 00000284 - 00000286 (0x3 bytes), align: 0
  Segment part 1.             Intra module refs:   Segment part 2
           ENTRY                   ADDRESS         REF BY
           =====                   =======         ======
           ?S_SHL_REW              00000284 
    -------------------------------------------------------------------------
RCODE
  Relative segment, address: CODE 00000287 - 00000293 (0xd bytes), align: 0
  Segment part 2.             Intra module refs:   ?S_SHL
                                                   ?S_SHL_REW

    -------------------------------------------------------------------------
  LIBRARY MODULE, NAME : ?ALLOC_XSTACK8

  SEGMENTS IN THE MODULE
  ======================
RCODE
  Relative segment, address: CODE 00000294 - 000002A9 (0x16 bytes), align: 0
  Segment part 0.
           ENTRY                   ADDRESS         REF BY
           =====                   =======         ======
           ?ALLOC_XSTACK8          00000294        aes_decryptCBC (aes)
                                                   decompress_packet (authentication_main)

    -------------------------------------------------------------------------
  LIBRARY MODULE, NAME : ?DEALLOC_XSTACK8

  SEGMENTS IN THE MODULE
  ======================
RCODE
  Relative segment, address: CODE 000002AA - 000002C3 (0x1a bytes), align: 0
  Segment part 0.
           ENTRY                   ADDRESS         REF BY
           =====                   =======         ======
           ?DEALLOC_XSTACK8        000002AA        aes_decryptCBC (aes)
                                                   decompress_packet (authentication_main)
                                                   usbInProcess (usb_uart)
                                                   usbOutProcess (usb_uart)
                                                   usbfwSetupHandler (usb_framework)

    -------------------------------------------------------------------------
  LIBRARY MODULE, NAME : ?ADD_XSTACK_DISP8

  SEGMENTS IN THE MODULE
  ======================
RCODE
  Relative segment, address: CODE 000002C4 - 000002DE (0x1b bytes), align: 0
  Segment part 1.
           ENTRY                   ADDRESS         REF BY
           =====                   =======         ======
           ?ADD_XSTACK_DISP0_8     000002C4        ?PUSH_XSTACK_I (?PUSH_XSTACK_I)

    -------------------------------------------------------------------------
  LIBRARY MODULE, NAME : ?XSTACK_DISP8

  SEGMENTS IN THE MODULE
  ======================
RCODE
  Relative segment, address: CODE 000002DF - 000002E8 (0xa bytes), align: 0
  Segment part 1.
           ENTRY                   ADDRESS         REF BY
           =====                   =======         ======
           ?XSTACK_DISP0_8         000002DF        aes_decryptCBC (aes)
                                                   decompress_packet (authentication_main)
                                                   usbfwReadFifo (usb_framework)
                                                   usbfwWriteFifo (usb_framework)

    -------------------------------------------------------------------------
  LIBRARY MODULE, NAME : ?CALL_IND

  SEGMENTS IN THE MODULE
  ======================
RCODE
  Relative segment, address: CODE 000002E9 - 000002EA (0x2 bytes), align: 0
  Segment part 0.
           ENTRY                   ADDRESS         REF BY
           =====                   =======         ======
           ?CALL_IND               000002E9        usbfwSetupHandler (usb_framework)
                                                   usbsuspEnter (usb_suspend)

    -------------------------------------------------------------------------
  LIBRARY MODULE, NAME : ?FUNC_ENTER_XDATA

  SEGMENTS IN THE MODULE
  ======================
RCODE
  Relative segment, address: CODE 000002EB - 00000350 (0x66 bytes), align: 0
  Segment part 1.
           ENTRY                   ADDRESS         REF BY
           =====                   =======         ======
           ?FUNC_ENTER_XDATA       000002EB        ChangeFeature (usb_standard_requests)
                                                   ConfigureEndpoints (usb_standard_requests)
                                                   aes_decrypt (aes)
                                                   aes_decryptCBC (aes)
                                                   authentication_main (authentication_main)
                                                   data2usb (authentication_main)
                                                   decompress_packet (authentication_main)
                                                   send_ack_radio (authentication_main)
                                                   send_rand (authentication_main)
                                                   set_timer1_cycles (timer1)
                                                   usbInProcess (usb_uart)
                                                   usbOutProcess (usb_uart)
                                                   usbUartInit (usb_uart)
                                                   usb_decode (main)
                                                   usbdpGetConfigurationDesc (usb_descriptor_parser)
                                                   usbdpGetInterfaceDesc (usb_descriptor_parser)
                                                   usbdpGetStringDesc (usb_descriptor_parser)
                                                   usbfwReadFifo (usb_framework)
                                                   usbfwSetAllEpStatus (usb_framework)
                                                   usbfwSetupHandler (usb_framework)
                                                   usbfwWriteFifo (usb_framework)
                                                   usbirqInit (usb_interrupt)
                                                   usbsrGetDescriptor (usb_standard_requests)
                                                   usbsrGetInterface (usb_standard_requests)
                                                   usbsrGetStatus (usb_standard_requests)
                                                   usbsrSetConfiguration (usb_standard_requests)
                                                   usbsrSetInterface (usb_standard_requests)

    -------------------------------------------------------------------------
  LIBRARY MODULE, NAME : ?FUNC_LEAVE_XDATA

  SEGMENTS IN THE MODULE
  ======================
RCODE
  Relative segment, address: CODE 00000351 - 00000390 (0x40 bytes), align: 0
  Segment part 1.
           ENTRY                   ADDRESS         REF BY
           =====                   =======         ======
           ?FUNC_LEAVE_XDATA       00000351        ChangeFeature (usb_standard_requests)
                                                   ConfigureEndpoints (usb_standard_requests)
                                                   aes_decrypt (aes)
                                                   aes_decryptCBC (aes)
                                                   authentication_main (authentication_main)
                                                   data2usb (authentication_main)
                                                   decompress_packet (authentication_main)
                                                   send_ack_radio (authentication_main)
                                                   send_rand (authentication_main)
                                                   set_timer1_cycles (timer1)
                                                   usbInProcess (usb_uart)
                                                   usbOutProcess (usb_uart)
                                                   usbUartInit (usb_uart)
                                                   usb_decode (main)
                                                   usbdpGetConfigurationDesc (usb_descriptor_parser)
                                                   usbdpGetInterfaceDesc (usb_descriptor_parser)
                                                   usbdpGetStringDesc (usb_descriptor_parser)
                                                   usbfwReadFifo (usb_framework)
                                                   usbfwSetAllEpStatus (usb_framework)
                                                   usbfwSetupHandler (usb_framework)
                                                   usbfwWriteFifo (usb_framework)
                                                   usbirqInit (usb_interrupt)
                                                   usbsrGetDescriptor (usb_standard_requests)
                                                   usbsrGetInterface (usb_standard_requests)
                                                   usbsrGetStatus (usb_standard_requests)
                                                   usbsrSetConfiguration (usb_standard_requests)
                                                   usbsrSetInterface (usb_standard_requests)

    -------------------------------------------------------------------------
  LIBRARY MODULE, NAME : ?INTERRUPT_ENTER_XSP

  SEGMENTS IN THE MODULE
  ======================
RCODE
  Relative segment, address: CODE 00000391 - 000003EF (0x5f bytes), align: 0
  Segment part 1.
           ENTRY                   ADDRESS         REF BY
           =====                   =======         ======
           ?INTERRUPT_ENTER_XSP    00000391        ISR_RFTXRX (main)
                                                   adc_ISR (main)
                                                   dma_ISR (main)
                                                   enc_ISR (main)
                                                   p1_ISR (main)
                                                   rf_ISR (main)
                                                   st_ISR (main)
                                                   t1Timer_ISR (main)
                                                   t2_ISR (main)
                                                   timer4_ISR (main)
                                                   urx0_ISR (main)
                                                   urx1_ISR (main)
                                                   usbirqHandler (usb_interrupt)
                                                   usbirqResumeHandler (usb_interrupt)
                                                   utx0_ISR (main)
                                                   utx1_ISR (main)
                                                   wdt_ISR (main)

    -------------------------------------------------------------------------
  LIBRARY MODULE, NAME : ?INTERRUPT_LEAVE_XSP

  SEGMENTS IN THE MODULE
  ======================
RCODE
  Relative segment, address: CODE 000003F0 - 00000447 (0x58 bytes), align: 0
  Segment part 1.
           ENTRY                   ADDRESS         REF BY
           =====                   =======         ======
           ?INTERRUPT_LEAVE_XSP    000003F0        ISR_RFTXRX (main)
                                                   adc_ISR (main)
                                                   dma_ISR (main)
                                                   enc_ISR (main)
                                                   p1_ISR (main)
                                                   rf_ISR (main)
                                                   st_ISR (main)
                                                   t1Timer_ISR (main)
                                                   t2_ISR (main)
                                                   timer4_ISR (main)
                                                   urx0_ISR (main)
                                                   urx1_ISR (main)
                                                   usbirqHandler (usb_interrupt)
                                                   usbirqResumeHandler (usb_interrupt)
                                                   utx0_ISR (main)
                                                   utx1_ISR (main)
                                                   wdt_ISR (main)

    -------------------------------------------------------------------------
  LIBRARY MODULE, NAME : ?PUSH_XSTACK_I

  SEGMENTS IN THE MODULE
  ======================
RCODE
  Relative segment, address: CODE 00000448 - 0000044B (0x4 bytes), align: 0
  Segment part 1.
           ENTRY                   ADDRESS         REF BY
           =====                   =======         ======
           ?PUSH_XSTACK_I_THREE    00000448        usbInProcess (usb_uart)
                                                   usbOutProcess (usb_uart)
                                                   usbfwSetupHandler (usb_framework)
    -------------------------------------------------------------------------
RCODE
  Relative segment, address: CODE 0000044C - 00000458 (0xd bytes), align: 0
  Segment part 4.             Intra module refs:   ?PUSH_XSTACK_I_THREE
           ENTRY                   ADDRESS         REF BY
           =====                   =======         ======
           ?PUSH_XSTACK_I          0000044C 

    -------------------------------------------------------------------------
  LIBRARY MODULE, NAME : ?PUSH_XSTACK8_X

  SEGMENTS IN THE MODULE
  ======================
RCODE
  Relative segment, address: CODE 00000459 - 0000045C (0x4 bytes), align: 0
  Segment part 2.
           ENTRY                   ADDRESS         REF BY
           =====                   =======         ======
           ?PUSH_XSTACK8_X_THREE   00000459        usbfwSetupHandler (usb_framework)
    -------------------------------------------------------------------------
RCODE
  Relative segment, address: CODE 0000045D - 00000485 (0x29 bytes), align: 0
  Segment part 5.             Intra module refs:   ?PUSH_XSTACK8_X_THREE
           ENTRY                   ADDRESS         REF BY
           =====                   =======         ======
           ?PUSH_XSTACK8_X         0000045D 

    -------------------------------------------------------------------------
  LIBRARY MODULE, NAME : ?low_level_init

  SEGMENTS IN THE MODULE
  ======================
CSTART
  Relative segment, address: CODE 000000F8 - 000000FA (0x3 bytes), align: 0
  Segment part 6. ROOT.
           ENTRY                   ADDRESS         REF BY
           =====                   =======         ======
           __low_level_init        000000F8        __low_level_init_call (?cmain)




                ****************************************
                *                                      *
                *      SEGMENTS IN ADDRESS ORDER       *
                *                                      *
                ****************************************


SEGMENT              SPACE    START ADDRESS   END ADDRESS     SIZE  TYPE  ALIGN
=======              =====    =============   ===========     ====  ====  =====
INTVEC               CODE          00000000 - 0000008D          8E   com    0
CSTART               CODE          0000008E - 000000FA          6D   rel    0
DATA_ID              CODE               000000FB                     dse    0
BDATA_ID             CODE               000000FB                     dse    0
BIT_ID               CODE               000000FB                     dse    0
IDATA_ID             CODE               000000FB                     dse    0
IXDATA_ID            CODE               000000FB                     dse    0
PDATA_ID             CODE               000000FB                     dse    0
XDATA_ID             CODE          000000FB - 0000011B          21   rel    0
RCODE                CODE          0000011C - 00000485         36A   rel    0
DIFUNCT              CODE               00000486                     dse    0
CODE_C               CODE               00000486                     dse    0
CODE_N               CODE               00000486                     dse    0
NEAR_CODE            CODE          00000486 - 000020E4        1C5F   rel    0
REGISTERS            DATA          00000000 - 00000007           8   rel    0
VREG                 DATA          00000008 - 0000000F           8   rel    0
PSP                  DATA               00000010                     dse    0
XSP                  DATA          00000010 - 00000011           2   rel    0
DATA_I               DATA               00000012                     dse    0
DATA_Z               DATA          00000012 - 00000018           7   rel    0
BREG                 BIT        00000020.0  -  00000020.7        8   rel    0
SFR_AN               DATA          00000080 - 00000080           1   rel    0
                     DATA          00000089 - 00000089           1 
                     DATA          0000008B - 0000008C           2 
                     DATA          00000090 - 00000091           2 
                     DATA          0000009A - 0000009B           2 
                     DATA          000000A0 - 000000A0           1 
                     DATA          000000A2 - 000000A4           3 
                     DATA          000000A8 - 000000A9           2 
                     DATA          000000AB - 000000AE           4 
                     DATA          000000B1 - 000000B4           4 
                     DATA          000000B8 - 000000B9           2 
                     DATA          000000BC - 000000BC           1 
                     DATA          000000BE - 000000BE           1 
                     DATA          000000C0 - 000000C0           1 
                     DATA          000000C6 - 000000C6           1 
                     DATA          000000C9 - 000000C9           1 
                     DATA          000000CB - 000000CB           1 
                     DATA          000000CD - 000000CD           1 
                     DATA          000000D1 - 000000D1           1 
                     DATA          000000D4 - 000000D6           3 
                     DATA          000000D8 - 000000DB           4 
                     DATA          000000E1 - 000000E1           1 
                     DATA          000000E4 - 000000E5           2 
                     DATA          000000E8 - 000000E9           2 
                     DATA          000000EB - 000000ED           3 
                     DATA          000000F4 - 000000F4           1 
                     DATA          000000FD - 000000FF           3 
XSTACK               XDATA         0000F000 - 0000F3FE         3FF   rel    0
XDATA_Z              XDATA         0000F3FF - 0000F568         16A   rel    0
XDATA_I              XDATA         0000F569 - 0000F589          21   rel    0
XDATA_AN             XDATA         0000FC00 - 0000FC1F          20   rel    0
ISTACK               IDATA         00000050 - 000000FF          B0   rel    0

                ****************************************
                *                                      *
                *        END OF CROSS REFERENCE        *
                *                                      *
                ****************************************

 8 421 bytes of CODE  memory
    25 bytes of DATA  memory (+ 51 absolute )
 1 418 bytes of XDATA memory (+ 32 absolute )
   176 bytes of IDATA memory
     8 bits  of BIT   memory

Errors: none
Warnings: none

