###############################################################################
#                                                                             #
# IAR C/C++ Compiler V8.11.1.40489/W32 for 8051         22/Jun/2012  15:59:08 #
# Copyright 2004-2012 IAR Systems AB.                                         #
#                                                                             #
#    Core               =  plain                                              #
#    Code model         =  near                                               #
#    Data model         =  large                                              #
#    Calling convention =  xdata reentrant                                    #
#    Constant location  =  data                                               #
#    Dptr setup         =  1,16                                               #
#    Source file        =  D:\PFC\Proyecto\Server\IAR\HAL\source\hal_int.c    #
#    Command line       =  -f "D:\PFC\Proyecto\Server\IAR\simpliciti\Configur #
#                          ation\Access Point\smpl_config.dat"                #
#                          (-DNUM_CONNECTIONS=1 -DSIZE_INFRAME_Q=6            #
#                          -DSIZE_OUTFRAME_Q=2 "-DTHIS_DEVICE_ADDRESS={0x78,  #
#                          0x56, 0x34, 0x10}" -DACCESS_POINT                  #
#                          -DAP_IS_DATA_HUB -DNUM_STORE_AND_FWD_CLIENTS=3     #
#                          -DSTARTUP_JOINCONTEXT_ON) -f                       #
#                          D:\PFC\Proyecto\Server\IAR\simpliciti\Configuratio #
#                          n\smpl_nwk_config.dat (-DMAX_HOPS=3                #
#                          -DMAX_HOPS_FROM_AP=1 -DMAX_NWK_PAYLOAD=9           #
#                          -DMAX_APP_PAYLOAD=19 -DDEFAULT_LINK_TOKEN=0x010203 #
#                          04 -DDEFAULT_JOIN_TOKEN=0x05060708 -DAPP_AUTO_ACK  #
#                          -DEXTENDED_API -DxSMPL_SECURE -DxNVOBJECT_SUPPORT  #
#                          -DxSW_TIMER) D:\PFC\Proyecto\Server\IAR\HAL\source #
#                          \hal_int.c -D ISM_US -D MCU_H=<ioCC1111.h> -D      #
#                          chip=1111 -D RF_FREQUENCY=915000 -D MRFI_CC1111    #
#                          -D NDEBUG -lC "D:\PFC\Proyecto\Server\IAR\915MHz   #
#                          - Limited IAR Kickstart (USA)\List\" -o            #
#                          "D:\PFC\Proyecto\Server\IAR\915MHz - Limited IAR   #
#                          Kickstart (USA)\Obj\" -e --no_unroll --no_inline   #
#                          --no_tbaa --debug --core=plain --dptr=16,1         #
#                          --data_model=large --code_model=near               #
#                          --calling_convention=xdata_reentrant               #
#                          --place_constants=data --nr_virtual_regs 8 -I      #
#                          D:\PFC\Proyecto\Server\IAR\bm-br1\ -I              #
#                          D:\PFC\Proyecto\Server\IAR\HAL\include\ -I         #
#                          D:\PFC\Proyecto\Server\IAR\HAL\source\ -I          #
#                          D:\PFC\Proyecto\Server\IAR\wbsl\ -I                #
#                          D:\PFC\Proyecto\Server\IAR\usb\ -I                 #
#                          D:\PFC\Proyecto\Server\IAR\usb\class_cdc\ -I       #
#                          D:\PFC\Proyecto\Server\IAR\usb\library\ -I         #
#                          D:\PFC\Proyecto\Server\IAR\usb\library\ccxx11\ -I  #
#                          D:\PFC\Proyecto\Server\IAR\sync\ -I                #
#                          D:\PFC\Proyecto\Server\IAR\simpliciti\ -I          #
#                          D:\PFC\Proyecto\Server\IAR\simpliciti\Components\b #
#                          sp\ -I D:\PFC\Proyecto\Server\IAR\simpliciti\Compo #
#                          nents\bsp\drivers\ -I D:\PFC\Proyecto\Server\IAR\s #
#                          impliciti\Components\bsp\boards\RFUSB\ -I          #
#                          D:\PFC\Proyecto\Server\IAR\simpliciti\Components\m #
#                          rfi\ -I D:\PFC\Proyecto\Server\IAR\simpliciti\Comp #
#                          onents\nwk\ -I D:\PFC\Proyecto\Server\IAR\simplici #
#                          ti\Components\nwk_applications\ -Om                #
#    List file          =  D:\PFC\Proyecto\Server\IAR\915MHz - Limited IAR    #
#                          Kickstart (USA)\List\hal_int.lst                   #
#    Object file        =  D:\PFC\Proyecto\Server\IAR\915MHz - Limited IAR    #
#                          Kickstart (USA)\Obj\hal_int.r51                    #
#                                                                             #
#                                                                             #
###############################################################################

D:\PFC\Proyecto\Server\IAR\HAL\source\hal_int.c
      1          /***********************************************************************************
      2            Filename:     hal_int.c
      3          
      4            Description:  HAL interrupt control
      5          
      6          ***********************************************************************************/
      7          
      8          /***********************************************************************************
      9          * INCLUDES
     10          */
     11          #include "hal_types.h"
     12          #include "hal_defs.h"
     13          #include "hal_int.h"
     14          #include "hal_board.h"

   \                                 In  segment SFR_AN, at 0xa8
   \   union <unnamed> volatile __sfr _A_IEN0
   \                     _A_IEN0:
   \   000000                DS 1
     15          
     16          /***********************************************************************************
     17          * GLOBAL FUNCTIONS
     18          */
     19          
     20          /***********************************************************************************
     21          * @fn      halIntOn
     22          *
     23          * @brief   Enable global interrupts.
     24          *
     25          * @param   none
     26          *
     27          * @return  none
     28          */

   \                                 In  segment NEAR_CODE, align 1, keep-with-next
     29          void halIntOn(void)
   \                     halIntOn:
     30          {
   \   000000                ; Saved register size: 0
   \   000000                ; Auto size: 0
     31              HAL_INT_ON();
   \   000000   D2AF         SETB    0xa8.7
     32          }
   \   000002   22           RET
   \   000003                REQUIRE _A_IEN0
     33          
     34          
     35          /***********************************************************************************
     36          * @fn      halIntOff
     37          *
     38          * @brief   Turns global interrupts off.
     39          *
     40          * @param   none
     41          *
     42          * @return  none
     43          */

   \                                 In  segment NEAR_CODE, align 1, keep-with-next
     44          void halIntOff(void)
   \                     halIntOff:
     45          {
   \   000000                ; Saved register size: 0
   \   000000                ; Auto size: 0
     46              HAL_INT_OFF();
   \   000000   C2AF         CLR     0xa8.7
     47          }
   \   000002   22           RET
   \   000003                REQUIRE _A_IEN0
     48          
     49          
     50          /***********************************************************************************
     51          * @fn      halIntLock
     52          *
     53          * @brief   Turns global interrupts off and returns current interrupt state.
     54          *          Should always be used together with halIntUnlock().
     55          *
     56          * @param   none
     57          *
     58          * @return  uint16 - current interrupt state
     59          */

   \                                 In  segment NEAR_CODE, align 1, keep-with-next
     60          uint16 halIntLock(void)
   \                     halIntLock:
     61          {
   \   000000                ; Saved register size: 0
   \   000000                ; Auto size: 0
     62              istate_t key;
     63              HAL_INT_LOCK(key);
   \   000000   A2AF         MOV     C,0xa8.7
   \   000002   E4           CLR     A
   \   000003   33           RLC     A
   \   000004   FA           MOV     R2,A
   \   000005   7B00         MOV     R3,#0x0
   \   000007   C2AF         CLR     0xa8.7
     64              return(key);
   \   000009   22           RET
   \   00000A                REQUIRE _A_IEN0
     65          }
     66          
     67          
     68          /***********************************************************************************
     69          * @fn      halIntUnlock
     70          *
     71          * @brief   Set interrupt state back to the state it had before calling halIntLock().
     72          *          Should always be used together with halIntLock().
     73          *
     74          * @param   key
     75          *
     76          * @return  none
     77          */

   \                                 In  segment NEAR_CODE, align 1, keep-with-next
     78          void halIntUnlock(uint16 key)
   \                     halIntUnlock:
     79          {
   \   000000                ; Saved register size: 0
   \   000000                ; Auto size: 0
     80              HAL_INT_UNLOCK(key);
   \   000000   EA           MOV     A,R2
   \   000001   A2E0         MOV     C,0xE0 /* A   */.0
   \   000003   92AF         MOV     0xa8.7,C
     81          }
   \   000005   22           RET
   \   000006                REQUIRE _A_IEN0
     82          
     83          
     84          /***********************************************************************************
     85            Copyright 2007 Texas Instruments Incorporated. All rights reserved.
     86          
     87            IMPORTANT: Your use of this Software is limited to those specific rights
     88            granted under the terms of a software license agreement between the user
     89            who downloaded the software, his/her employer (which must be your employer)
     90            and Texas Instruments Incorporated (the "License").  You may not use this
     91            Software unless you agree to abide by the terms of the License. The License
     92            limits your use, and you acknowledge, that the Software may not be modified,
     93            copied or distributed unless embedded on a Texas Instruments microcontroller
     94            or used solely and exclusively in conjunction with a Texas Instruments radio
     95            frequency transceiver, which is integrated into your product.  Other than for
     96            the foregoing purpose, you may not use, reproduce, copy, prepare derivative
     97            works of, modify, distribute, perform, display or sell this Software and/or
     98            its documentation for any purpose.
     99          
    100            YOU FURTHER ACKNOWLEDGE AND AGREE THAT THE SOFTWARE AND DOCUMENTATION ARE
    101            PROVIDED “AS IS” WITHOUT WARRANTY OF ANY KIND, EITHER EXPRESS OR IMPLIED,
    102            INCLUDING WITHOUT LIMITATION, ANY WARRANTY OF MERCHANTABILITY, TITLE,
    103            NON-INFRINGEMENT AND FITNESS FOR A PARTICULAR PURPOSE. IN NO EVENT SHALL
    104            TEXAS INSTRUMENTS OR ITS LICENSORS BE LIABLE OR OBLIGATED UNDER CONTRACT,
    105            NEGLIGENCE, STRICT LIABILITY, CONTRIBUTION, BREACH OF WARRANTY, OR OTHER
    106            LEGAL EQUITABLE THEORY ANY DIRECT OR INDIRECT DAMAGES OR EXPENSES
    107            INCLUDING BUT NOT LIMITED TO ANY INCIDENTAL, SPECIAL, INDIRECT, PUNITIVE
    108            OR CONSEQUENTIAL DAMAGES, LOST PROFITS OR LOST DATA, COST OF PROCUREMENT
    109            OF SUBSTITUTE GOODS, TECHNOLOGY, SERVICES, OR ANY CLAIMS BY THIRD PARTIES
    110            (INCLUDING BUT NOT LIMITED TO ANY DEFENSE THEREOF), OR OTHER SIMILAR COSTS.
    111          
    112            Should you have any questions regarding your right to use this Software,
    113            contact Texas Instruments Incorporated at www.TI.com.
    114          ***********************************************************************************/
    115          

   Maximum stack usage in bytes:

     Function     ISTACK PSTACK XSTACK
     --------     ------ ------ ------
     halIntLock       0      0      0
     halIntOff        0      0      0
     halIntOn         0      0      0
     halIntUnlock     0      0      0


   Segment part sizes:

     Function/Label Bytes
     -------------- -----
     _A_IEN0           1
     halIntOn          3
     halIntOff         3
     halIntLock       10
     halIntUnlock      6

 
 22 bytes in segment NEAR_CODE
  1 byte  in segment SFR_AN
 
 22 bytes of CODE memory
  0 bytes of DATA memory (+ 1 byte shared)

Errors: none
Warnings: none
